
[1m[46m RUN [49m[22m [36mv4.0.18 [39m[90mC:/Users/steve/Downloads/Cartbuddy[39m

 [32mΓ£ô[39m src/__tests__/lib/constants.test.ts[2m > [22mCATEGORIES[2m > [22mhas 11 entries[32m 2[2mms[22m[39m
 [32mΓ£ô[39m src/__tests__/lib/constants.test.ts[2m > [22mCATEGORIES[2m > [22mhas unique IDs[32m 0[2mms[22m[39m
 [32mΓ£ô[39m src/__tests__/lib/constants.test.ts[2m > [22mCATEGORIES[2m > [22mhas unique names[32m 0[2mms[22m[39m
 [32mΓ£ô[39m src/__tests__/lib/constants.test.ts[2m > [22mCATEGORIES[2m > [22mhas "Produce" as first category[32m 0[2mms[22m[39m
 [32mΓ£ô[39m src/__tests__/lib/constants.test.ts[2m > [22mCATEGORIES[2m > [22mhas "Other" as last category[32m 0[2mms[22m[39m
 [32mΓ£ô[39m src/__tests__/lib/constants.test.ts[2m > [22mCATEGORIES[2m > [22mall entries have id, name, sort_order[32m 1[2mms[22m[39m
 [32mΓ£ô[39m src/__tests__/lib/constants.test.ts[2m > [22mconfiguration constants[2m > [22mUNDO_TIMEOUT_MS is 5000 (5 seconds)[32m 0[2mms[22m[39m
 [32mΓ£ô[39m src/__tests__/lib/constants.test.ts[2m > [22mconfiguration constants[2m > [22mPRESENCE_HEARTBEAT_MS is 15000 (15 seconds)[32m 0[2mms[22m[39m
 [32mΓ£ô[39m src/__tests__/lib/constants.test.ts[2m > [22mconfiguration constants[2m > [22mMIN_TOUCH_TARGET_PX is 44[32m 0[2mms[22m[39m
 [32mΓ£ô[39m src/__tests__/lib/constants.test.ts[2m > [22mconfiguration constants[2m > [22mACTIVITY_FEED_LIMIT is 20[32m 0[2mms[22m[39m
 [32mΓ£ô[39m src/__tests__/lib/constants.test.ts[2m > [22mITEM_STATUS[2m > [22mhas active, checked, and archived[32m 0[2mms[22m[39m
 [32mΓ£ô[39m src/__tests__/lib/constants.test.ts[2m > [22mITEM_STATUS[2m > [22mhas unique values[32m 0[2mms[22m[39m
 [32mΓ£ô[39m src/__tests__/lib/constants.test.ts[2m > [22mMEMBER_ROLE[2m > [22mhas owner and member[32m 0[2mms[22m[39m
 [32mΓ£ô[39m src/__tests__/lib/constants.test.ts[2m > [22mACTIVITY_ACTION[2m > [22mhas all expected actions[32m 0[2mms[22m[39m
 [32mΓ£ô[39m src/__tests__/lib/constants.test.ts[2m > [22mACTIVITY_ACTION[2m > [22mhas unique values[32m 0[2mms[22m[39m
 [32mΓ£ô[39m src/__tests__/lib/constants.test.ts[2m > [22mACTIVITY_ACTION[2m > [22mhas 12 activity types[32m 0[2mms[22m[39m
 [32mΓ£ô[39m src/__tests__/stores/ui-store.test.ts[2m > [22museUIStore[2m > [22mmode[2m > [22mstarts in management mode[32m 1[2mms[22m[39m
 [32mΓ£ô[39m src/__tests__/stores/ui-store.test.ts[2m > [22museUIStore[2m > [22mmode[2m > [22msetMode changes to shopping[32m 0[2mms[22m[39m
 [32mΓ£ô[39m src/__tests__/stores/ui-store.test.ts[2m > [22museUIStore[2m > [22mmode[2m > [22msetMode changes to management[32m 0[2mms[22m[39m
 [32mΓ£ô[39m src/__tests__/stores/ui-store.test.ts[2m > [22museUIStore[2m > [22mmode[2m > [22mtoggleMode from management to shopping[32m 0[2mms[22m[39m
 [32mΓ£ô[39m src/__tests__/stores/ui-store.test.ts[2m > [22museUIStore[2m > [22mmode[2m > [22mtoggleMode from shopping to management[32m 0[2mms[22m[39m
 [32mΓ£ô[39m src/__tests__/stores/ui-store.test.ts[2m > [22museUIStore[2m > [22mmode[2m > [22mdouble toggle returns to original mode[32m 0[2mms[22m[39m
 [32mΓ£ô[39m src/__tests__/stores/ui-store.test.ts[2m > [22museUIStore[2m > [22mactiveStoreId[2m > [22mstarts as null[32m 0[2mms[22m[39m
 [32mΓ£ô[39m src/__tests__/stores/ui-store.test.ts[2m > [22museUIStore[2m > [22mactiveStoreId[2m > [22msetActiveStoreId sets store id[32m 0[2mms[22m[39m
 [32mΓ£ô[39m src/__tests__/stores/ui-store.test.ts[2m > [22museUIStore[2m > [22mactiveStoreId[2m > [22msetActiveStoreId can reset to null[32m 0[2mms[22m[39m
 [32mΓ£ô[39m src/__tests__/stores/ui-store.test.ts[2m > [22museUIStore[2m > [22misOnline[2m > [22msetIsOnline changes to false[32m 0[2mms[22m[39m
 [32mΓ£ô[39m src/__tests__/stores/ui-store.test.ts[2m > [22museUIStore[2m > [22misOnline[2m > [22msetIsOnline changes back to true[32m 0[2mms[22m[39m
 [32mΓ£ô[39m src/__tests__/stores/ui-store.test.ts[2m > [22museUIStore[2m > [22mpendingSyncCount[2m > [22mstarts at 0[32m 0[2mms[22m[39m
 [32mΓ£ô[39m src/__tests__/stores/ui-store.test.ts[2m > [22museUIStore[2m > [22mpendingSyncCount[2m > [22msetPendingSyncCount sets value[32m 0[2mms[22m[39m
 [32mΓ£ô[39m src/__tests__/stores/ui-store.test.ts[2m > [22museUIStore[2m > [22mpendingSyncCount[2m > [22mincrementPendingSync increments by 1[32m 0[2mms[22m[39m
 [32mΓ£ô[39m src/__tests__/stores/ui-store.test.ts[2m > [22museUIStore[2m > [22mpendingSyncCount[2m > [22mincrementPendingSync multiple times[32m 0[2mms[22m[39m
 [32mΓ£ô[39m src/__tests__/stores/ui-store.test.ts[2m > [22museUIStore[2m > [22mpendingSyncCount[2m > [22mdecrementPendingSync decrements by 1[32m 0[2mms[22m[39m
 [32mΓ£ô[39m src/__tests__/stores/ui-store.test.ts[2m > [22museUIStore[2m > [22mpendingSyncCount[2m > [22mdecrementPendingSync does not go below 0[32m 0[2mms[22m[39m
 [32mΓ£ô[39m src/__tests__/stores/ui-store.test.ts[2m > [22museUIStore[2m > [22mpendingSyncCount[2m > [22mdecrementPendingSync from 1 gives 0[32m 0[2mms[22m[39m
 [32mΓ£ô[39m src/__tests__/sync/queue.test.ts[2m > [22msync queue (IndexedDB)[2m > [22mstarts with empty queue[32m 7[2mms[22m[39m
 [32mΓ£ô[39m src/__tests__/sync/queue.test.ts[2m > [22msync queue (IndexedDB)[2m > [22mgetPendingCount returns 0 for empty queue[32m 1[2mms[22m[39m
 [32mΓ£ô[39m src/__tests__/sync/queue.test.ts[2m > [22msync queue (IndexedDB)[2m > [22mqueues a mutation and retrieves it[32m 2[2mms[22m[39m
 [32mΓ£ô[39m src/__tests__/sync/queue.test.ts[2m > [22msync queue (IndexedDB)[2m > [22mauto-assigns an id to queued mutations[32m 1[2mms[22m[39m
 [32mΓ£ô[39m src/__tests__/sync/queue.test.ts[2m > [22msync queue (IndexedDB)[2m > [22mmaintains FIFO order[32m 1[2mms[22m[39m
 [32mΓ£ô[39m src/__tests__/sync/queue.test.ts[2m > [22msync queue (IndexedDB)[2m > [22mgetPendingCount reflects queue size[32m 1[2mms[22m[39m
 [32mΓ£ô[39m src/__tests__/sync/queue.test.ts[2m > [22msync queue (IndexedDB)[2m > [22mremoveMutation removes specific mutation[32m 1[2mms[22m[39m
 [32mΓ£ô[39m src/__tests__/sync/queue.test.ts[2m > [22msync queue (IndexedDB)[2m > [22mclearQueue removes all mutations[32m 1[2mms[22m[39m
 [32mΓ£ô[39m src/__tests__/sync/queue.test.ts[2m > [22msync queue (IndexedDB)[2m > [22mstores filter data for update mutations[32m 1[2mms[22m[39m
 [32mΓ£ô[39m src/__tests__/sync/queue.test.ts[2m > [22msync queue (IndexedDB)[2m > [22mstores filter data for delete mutations[32m 0[2mms[22m[39m
 [32mΓ£ô[39m src/__tests__/sync/engine.test.ts[2m > [22msync engine[2m > [22mreturns zeros for empty queue[32m 3[2mms[22m[39m
 [32mΓ£ô[39m src/__tests__/sync/engine.test.ts[2m > [22msync engine[2m > [22mreplays INSERT mutation[32m 3[2mms[22m[39m
 [32mΓ£ô[39m src/__tests__/sync/engine.test.ts[2m > [22msync engine[2m > [22mreplays UPDATE mutation with filter[32m 1[2mms[22m[39m
 [32mΓ£ô[39m src/__tests__/sync/engine.test.ts[2m > [22msync engine[2m > [22mreplays DELETE mutation with filter[32m 1[2mms[22m[39m
 [32mΓ£ô[39m src/__tests__/sync/engine.test.ts[2m > [22msync engine[2m > [22mdrops mutation after MAX_RETRIES (3)[32m 4[2mms[22m[39m
 [32mΓ£ô[39m src/__tests__/sync/engine.test.ts[2m > [22msync engine[2m > [22mcounts failed mutations that have not reached max retries[32m 2[2mms[22m[39m
 [32mΓ£ô[39m src/__tests__/sync/engine.test.ts[2m > [22msync engine[2m > [22mhandles mixed success and failure[32m 2[2mms[22m[39m
 [32mΓ£ô[39m src/__tests__/actions/household.test.ts[2m > [22mHousehold Server Actions[2m > [22mcreateHousehold[2m > [22mrequires a name[32m 3[2mms[22m[39m
 [31m├ù[39m src/__tests__/actions/household.test.ts[2m > [22mHousehold Server Actions[2m > [22mcreateHousehold[2m > [22mcreates a household successfully[32m 3[2mms[22m[39m
[31m   ΓåÆ supabase.from(...).insert(...).select is not a function[39m
 [31m├ù[39m src/__tests__/actions/household.test.ts[2m > [22mHousehold Server Actions[2m > [22mcreateHousehold[2m > [22muses default household name if not provided[32m 1[2mms[22m[39m
[31m   ΓåÆ supabase.from(...).insert(...).select is not a function[39m
 [32mΓ£ô[39m src/__tests__/actions/household.test.ts[2m > [22mHousehold Server Actions[2m > [22mjoinHousehold[2m > [22mrequires a name[32m 0[2mms[22m[39m
 [31m├ù[39m src/__tests__/actions/household.test.ts[2m > [22mHousehold Server Actions[2m > [22mjoinHousehold[2m > [22mreturns error for invalid invite code[32m 1[2mms[22m[39m
[31m   ΓåÆ supabase.from(...).select(...).eq is not a function[39m
 [31m├ù[39m src/__tests__/actions/household.test.ts[2m > [22mHousehold Server Actions[2m > [22mjoinHousehold[2m > [22mjoins household successfully[32m 0[2mms[22m[39m
[31m   ΓåÆ supabase.from(...).select(...).eq is not a function[39m
 [31m├ù[39m src/__tests__/actions/household.test.ts[2m > [22mHousehold Server Actions[2m > [22mjoinHousehold[2m > [22mreturns specific error for duplicate membership[32m 0[2mms[22m[39m
[31m   ΓåÆ supabase.from(...).select(...).eq is not a function[39m
 [32mΓ£ô[39m src/__tests__/actions/household.test.ts[2m > [22mHousehold Server Actions[2m > [22mleaveHousehold[2m > [22mreturns error if not authenticated[32m 0[2mms[22m[39m
 [31m├ù[39m src/__tests__/actions/household.test.ts[2m > [22mHousehold Server Actions[2m > [22mleaveHousehold[2m > [22mallows regular member to leave[32m 0[2mms[22m[39m
[31m   ΓåÆ supabase.from(...).select(...).eq is not a function[39m
 [31m├ù[39m src/__tests__/actions/household.test.ts[2m > [22mHousehold Server Actions[2m > [22mleaveHousehold[2m > [22mprevents owner from leaving if other members exist[32m 0[2mms[22m[39m
[31m   ΓåÆ supabase.from(...).select(...).eq is not a function[39m
 [31m├ù[39m src/__tests__/actions/household.test.ts[2m > [22mHousehold Server Actions[2m > [22mleaveHousehold[2m > [22mdeletes household if last owner leaves[32m 0[2mms[22m[39m
[31m   ΓåÆ supabase.from(...).select(...).eq is not a function[39m
 [32mΓ£ô[39m src/__tests__/validators/store.test.ts[2m > [22mstoreSchema[2m > [22maccepts a valid store name[32m 3[2mms[22m[39m
 [32mΓ£ô[39m src/__tests__/validators/store.test.ts[2m > [22mstoreSchema[2m > [22mtrims whitespace[32m 0[2mms[22m[39m
 [32mΓ£ô[39m src/__tests__/validators/store.test.ts[2m > [22mstoreSchema[2m > [22mrejects empty name[32m 1[2mms[22m[39m
 [32mΓ£ô[39m src/__tests__/validators/store.test.ts[2m > [22mstoreSchema[2m > [22mrejects whitespace-only name[32m 0[2mms[22m[39m
 [32mΓ£ô[39m src/__tests__/validators/store.test.ts[2m > [22mstoreSchema[2m > [22mrejects name over 50 characters[32m 0[2mms[22m[39m
 [32mΓ£ô[39m src/__tests__/validators/store.test.ts[2m > [22mstoreSchema[2m > [22maccepts name at exactly 50 characters[32m 0[2mms[22m[39m
 [32mΓ£ô[39m src/__tests__/validators/store.test.ts[2m > [22mstoreSchema[2m > [22mrejects missing name[32m 0[2mms[22m[39m
 [32mΓ£ô[39m src/__tests__/validators/store.test.ts[2m > [22mstoreSchema[2m > [22maccepts special characters in store name[32m 0[2mms[22m[39m
 [32mΓ£ô[39m src/__tests__/validators/household.test.ts[2m > [22mhouseholdSchema[2m > [22maccepts a valid household name[32m 3[2mms[22m[39m
 [32mΓ£ô[39m src/__tests__/validators/household.test.ts[2m > [22mhouseholdSchema[2m > [22mtrims whitespace[32m 0[2mms[22m[39m
 [32mΓ£ô[39m src/__tests__/validators/household.test.ts[2m > [22mhouseholdSchema[2m > [22mrejects empty name[32m 1[2mms[22m[39m
 [32mΓ£ô[39m src/__tests__/validators/household.test.ts[2m > [22mhouseholdSchema[2m > [22mrejects whitespace-only name[32m 0[2mms[22m[39m
 [32mΓ£ô[39m src/__tests__/validators/household.test.ts[2m > [22mhouseholdSchema[2m > [22mrejects name over 50 characters[32m 0[2mms[22m[39m
 [32mΓ£ô[39m src/__tests__/validators/household.test.ts[2m > [22mhouseholdSchema[2m > [22maccepts name at exactly 50 characters[32m 0[2mms[22m[39m
 [32mΓ£ô[39m src/__tests__/validators/household.test.ts[2m > [22mhouseholdSchema[2m > [22mrejects missing name[32m 0[2mms[22m[39m
 [32mΓ£ô[39m src/__tests__/validators/household.test.ts[2m > [22mjoinHouseholdSchema[2m > [22maccepts a valid name[32m 0[2mms[22m[39m
 [32mΓ£ô[39m src/__tests__/validators/household.test.ts[2m > [22mjoinHouseholdSchema[2m > [22mtrims whitespace[32m 0[2mms[22m[39m
 [32mΓ£ô[39m src/__tests__/validators/household.test.ts[2m > [22mjoinHouseholdSchema[2m > [22mrejects empty name[32m 0[2mms[22m[39m
 [32mΓ£ô[39m src/__tests__/validators/household.test.ts[2m > [22mjoinHouseholdSchema[2m > [22mrejects name over 30 characters[32m 0[2mms[22m[39m
 [32mΓ£ô[39m src/__tests__/validators/household.test.ts[2m > [22mjoinHouseholdSchema[2m > [22maccepts name at exactly 30 characters[32m 0[2mms[22m[39m
 [32mΓ£ô[39m src/__tests__/validators/item.test.ts[2m > [22mitemSchema[2m > [22maccepts a valid item with only name[32m 2[2mms[22m[39m
 [32mΓ£ô[39m src/__tests__/validators/item.test.ts[2m > [22mitemSchema[2m > [22maccepts a valid item with all fields[32m 0[2mms[22m[39m
 [32mΓ£ô[39m src/__tests__/validators/item.test.ts[2m > [22mitemSchema[2m > [22maccepts null for optional fields[32m 0[2mms[22m[39m
 [32mΓ£ô[39m src/__tests__/validators/item.test.ts[2m > [22mitemSchema[2m > [22mtrims whitespace from name[32m 0[2mms[22m[39m
 [32mΓ£ô[39m src/__tests__/validators/item.test.ts[2m > [22mitemSchema[2m > [22mtrims whitespace from quantity[32m 0[2mms[22m[39m
 [32mΓ£ô[39m src/__tests__/validators/item.test.ts[2m > [22mitemSchema[2m > [22mtrims whitespace from notes[32m 0[2mms[22m[39m
 [32mΓ£ô[39m src/__tests__/validators/item.test.ts[2m > [22mitemSchema[2m > [22mrejects empty name[32m 0[2mms[22m[39m
 [32mΓ£ô[39m src/__tests__/validators/item.test.ts[2m > [22mitemSchema[2m > [22mrejects whitespace-only name[32m 0[2mms[22m[39m
 [32mΓ£ô[39m src/__tests__/validators/item.test.ts[2m > [22mitemSchema[2m > [22mrejects name over 100 characters[32m 0[2mms[22m[39m
 [32mΓ£ô[39m src/__tests__/validators/item.test.ts[2m > [22mitemSchema[2m > [22maccepts name at exactly 100 characters[32m 0[2mms[22m[39m
 [32mΓ£ô[39m src/__tests__/validators/item.test.ts[2m > [22mitemSchema[2m > [22mrejects quantity over 50 characters[32m 0[2mms[22m[39m
 [32mΓ£ô[39m src/__tests__/validators/item.test.ts[2m > [22mitemSchema[2m > [22mrejects notes over 200 characters[32m 0[2mms[22m[39m
 [32mΓ£ô[39m src/__tests__/validators/item.test.ts[2m > [22mitemSchema[2m > [22mrejects non-integer category_id[32m 0[2mms[22m[39m
 [32mΓ£ô[39m src/__tests__/validators/item.test.ts[2m > [22mitemSchema[2m > [22mrejects negative category_id[32m 0[2mms[22m[39m
 [32mΓ£ô[39m src/__tests__/validators/item.test.ts[2m > [22mitemSchema[2m > [22mrejects zero category_id[32m 0[2mms[22m[39m
 [32mΓ£ô[39m src/__tests__/validators/item.test.ts[2m > [22mitemSchema[2m > [22mrejects missing name entirely[32m 0[2mms[22m[39m
 [31m├ù[39m src/__tests__/hooks/use-items.test.tsx[2m > [22museItems[2m > [22mfetches items successfully[32m 82[2mms[22m[39m
[31m   ΓåÆ expected [] to deeply equal [ { id: '1', name: 'Milk' }, ΓÇª(1) ][39m
 [31m├ù[39m src/__tests__/hooks/use-items.test.tsx[2m > [22museItems[2m > [22mfalls back to plain select if join fails[32m 60[2mms[22m[39m
[31m   ΓåÆ expected [] to deeply equal [ { id: '1', name: 'Milk' } ][39m
 [31m├ù[39m src/__tests__/hooks/use-items.test.tsx[2m > [22museItems[2m > [22madds an item successfully[32m 4[2mms[22m[39m
[31m   ΓåÆ supabase.from(...).insert(...).select(...).single is not a function[39m
 [31m├ù[39m src/__tests__/hooks/use-items.test.tsx[2m > [22museItems[2m > [22moptimistically checks an item[32m 4[2mms[22m[39m
[31m   ΓåÆ expected 'active' to be 'checked' // Object.is equality[39m
 [32mΓ£ô[39m src/__tests__/hooks/use-items.test.tsx[2m > [22museItems[2m > [22mrolls back check on error[32m 1[2mms[22m[39m
 [31m├ù[39m src/__tests__/hooks/use-items.test.tsx[2m > [22museItems[2m > [22moptimistically deletes an item[32m 2[2mms[22m[39m
[31m   ΓåÆ expected [ Array(2) ] to have a length of 1 but got 2[39m
 [32mΓ£ô[39m src/__tests__/lib/utils.test.ts[2m > [22mcn (class name merge)[2m > [22mmerges simple class names[32m 4[2mms[22m[39m
 [32mΓ£ô[39m src/__tests__/lib/utils.test.ts[2m > [22mcn (class name merge)[2m > [22mhandles falsy values[32m 0[2mms[22m[39m
 [32mΓ£ô[39m src/__tests__/lib/utils.test.ts[2m > [22mcn (class name merge)[2m > [22mhandles conditional classes[32m 0[2mms[22m[39m
 [32mΓ£ô[39m src/__tests__/lib/utils.test.ts[2m > [22mcn (class name merge)[2m > [22mresolves tailwind conflicts (last wins)[32m 0[2mms[22m[39m
 [32mΓ£ô[39m src/__tests__/lib/utils.test.ts[2m > [22mcn (class name merge)[2m > [22mresolves complex tailwind conflicts[32m 0[2mms[22m[39m
 [32mΓ£ô[39m src/__tests__/lib/utils.test.ts[2m > [22mcn (class name merge)[2m > [22mreturns empty string for no input[32m 0[2mms[22m[39m
 [32mΓ£ô[39m src/__tests__/lib/utils.test.ts[2m > [22mcn (class name merge)[2m > [22mhandles array input[32m 0[2mms[22m[39m
 [32mΓ£ô[39m src/__tests__/lib/utils.test.ts[2m > [22mtimeAgo[2m > [22mformats a recent date as relative time[32m 1[2mms[22m[39m
 [32mΓ£ô[39m src/__tests__/lib/utils.test.ts[2m > [22mtimeAgo[2m > [22maccepts Date object[32m 0[2mms[22m[39m
 [32mΓ£ô[39m src/__tests__/lib/utils.test.ts[2m > [22mtimeAgo[2m > [22mhandles very recent times[32m 0[2mms[22m[39m
 [32mΓ£ô[39m src/__tests__/lib/utils.test.ts[2m > [22mtempId[2m > [22mreturns a string[32m 0[2mms[22m[39m
 [32mΓ£ô[39m src/__tests__/lib/utils.test.ts[2m > [22mtempId[2m > [22mreturns unique values[32m 0[2mms[22m[39m
 [32mΓ£ô[39m src/__tests__/lib/utils.test.ts[2m > [22mtempId[2m > [22mreturns UUID format[32m 0[2mms[22m[39m
 [32mΓ£ô[39m src/__tests__/lib/utils.test.ts[2m > [22mdebounce[2m > [22mdelays function execution[32m 2[2mms[22m[39m
 [32mΓ£ô[39m src/__tests__/lib/utils.test.ts[2m > [22mdebounce[2m > [22mresets timer on subsequent calls[32m 0[2mms[22m[39m
 [32mΓ£ô[39m src/__tests__/lib/utils.test.ts[2m > [22mdebounce[2m > [22mpasses arguments to the function[32m 1[2mms[22m[39m
 [32mΓ£ô[39m src/__tests__/lib/utils.test.ts[2m > [22mdebounce[2m > [22monly calls the function once for rapid calls[32m 0[2mms[22m[39m

[2m Test Files [22m [1m[31m2 failed[39m[22m[2m | [22m[1m[32m8 passed[39m[22m[90m (10)[39m
[2m      Tests [22m [1m[31m13 failed[39m[22m[2m | [22m[1m[32m108 passed[39m[22m[90m (121)[39m
[2m     Errors [22m [1m[31m2 errors[39m[22m
[2m   Start at [22m 20:49:28
[2m   Duration [22m 2.30s[2m (transform 733ms, setup 1.59s, import 2.09s, tests 248ms, environment 10.13s)[22m

