src/app/(app)/dashboard/new-store/page.tsx(36,14): error TS2769: No overload matches this call.
  Overload 1 of 2, '(values: never, options?: { count?: "exact" | "planned" | "estimated" | undefined; } | undefined): PostgrestFilterBuilder<{ PostgrestVersion: "12"; }, never, never, null, "stores", never, "POST">', gave the following error.
    Argument of type '{ household_id: any; name: string; }' is not assignable to parameter of type 'never'.
  Overload 2 of 2, '(values: never[], options?: { count?: "exact" | "planned" | "estimated" | undefined; defaultToNull?: boolean | undefined; } | undefined): PostgrestFilterBuilder<{ PostgrestVersion: "12"; }, never, never, null, "stores", never, "POST">', gave the following error.
    Object literal may only specify known properties, and 'household_id' does not exist in type 'never[]'.
src/app/(app)/dashboard/new-store/page.tsx(37,42): error TS2339: Property 'household_id' does not exist on type 'never'.
src/app/(app)/dashboard/new-store/page.tsx(54,46): error TS2769: No overload matches this call.
  Overload 1 of 2, '(values: never, options?: { count?: "exact" | "planned" | "estimated" | undefined; } | undefined): PostgrestFilterBuilder<{ PostgrestVersion: "12"; }, never, never, null, "activity_logs", never, "POST">', gave the following error.
    Argument of type '{ household_id: any; user_id: string; action: string; store_name: string; metadata: { created_by_name: any; }; }' is not assignable to parameter of type 'never'.
  Overload 2 of 2, '(values: never[], options?: { count?: "exact" | "planned" | "estimated" | undefined; defaultToNull?: boolean | undefined; } | undefined): PostgrestFilterBuilder<{ PostgrestVersion: "12"; }, never, never, null, "activity_logs", never, "POST">', gave the following error.
    Object literal may only specify known properties, and 'household_id' does not exist in type 'never[]'.
src/app/(app)/dashboard/new-store/page.tsx(55,38): error TS2339: Property 'household_id' does not exist on type 'never'.
src/app/(app)/dashboard/new-store/page.tsx(59,51): error TS2339: Property 'name' does not exist on type 'never'.
src/app/(app)/dashboard/page.tsx(24,40): error TS2339: Property 'household_id' does not exist on type 'never'.
src/app/(app)/dashboard/page.tsx(31,51): error TS2339: Property 'id' does not exist on type 'never'.
src/app/(app)/dashboard/page.tsx(34,56): error TS2339: Property 'store_id' does not exist on type 'never'.
src/app/(app)/dashboard/page.tsx(34,75): error TS2339: Property 'id' does not exist on type 'never'.
src/app/(app)/dashboard/page.tsx(35,54): error TS2339: Property 'status' does not exist on type 'never'.
src/app/(app)/dashboard/page.tsx(36,55): error TS2339: Property 'status' does not exist on type 'never'.
src/app/(app)/dashboard/page.tsx(37,18): error TS2698: Spread types may only be created from object types.
src/app/(app)/layout.tsx(35,31): error TS2339: Property 'name' does not exist on type 'never'.
src/app/(app)/layout.tsx(39,33): error TS2339: Property 'role' does not exist on type 'never'.
src/app/(app)/settings/page.tsx(36,31): error TS2339: Property 'name' does not exist on type 'never'.
src/app/(app)/settings/page.tsx(39,33): error TS2339: Property 'role' does not exist on type 'never'.
src/app/(app)/settings/settings-client.tsx(108,27): error TS2322: Type '() => Promise<{ error: string; success?: undefined; invite_code?: undefined; } | { success: boolean; invite_code: string; error?: undefined; }>' is not assignable to type 'string | ((formData: FormData) => void | Promise<void>) | undefined'.
  Type '() => Promise<{ error: string; success?: undefined; invite_code?: undefined; } | { success: boolean; invite_code: string; error?: undefined; }>' is not assignable to type '(formData: FormData) => void | Promise<void>'.
    Type 'Promise<{ error: string; success?: undefined; invite_code?: undefined; } | { success: boolean; invite_code: string; error?: undefined; }>' is not assignable to type 'void | Promise<void>'.
      Type 'Promise<{ error: string; success?: undefined; invite_code?: undefined; } | { success: boolean; invite_code: string; error?: undefined; }>' is not assignable to type 'Promise<void>'.
        Type '{ error: string; success?: undefined; invite_code?: undefined; } | { success: boolean; invite_code: string; error?: undefined; }' is not assignable to type 'void'.
          Type '{ error: string; success?: undefined; invite_code?: undefined; }' is not assignable to type 'void'.
src/app/(app)/settings/settings-client.tsx(169,43): error TS2322: Type '() => Promise<{ error: string; }>' is not assignable to type 'string | ((formData: FormData) => void | Promise<void>) | undefined'.
  Type '() => Promise<{ error: string; }>' is not assignable to type '(formData: FormData) => void | Promise<void>'.
    Type 'Promise<{ error: string; }>' is not assignable to type 'void | Promise<void>'.
      Type 'Promise<{ error: string; }>' is not assignable to type 'Promise<void>'.
        Type '{ error: string; }' is not assignable to type 'void'.
src/app/(app)/settings/settings-client.tsx(200,43): error TS2322: Type '() => Promise<{ error: string; }>' is not assignable to type 'string | ((formData: FormData) => void | Promise<void>) | undefined'.
  Type '() => Promise<{ error: string; }>' is not assignable to type '(formData: FormData) => void | Promise<void>'.
    Type 'Promise<{ error: string; }>' is not assignable to type 'void | Promise<void>'.
      Type 'Promise<{ error: string; }>' is not assignable to type 'Promise<void>'.
        Type '{ error: string; }' is not assignable to type 'void'.
src/app/actions/household.ts(27,10): error TS2769: No overload matches this call.
  Overload 1 of 2, '(values: never, options?: { count?: "exact" | "planned" | "estimated" | undefined; } | undefined): PostgrestFilterBuilder<{ PostgrestVersion: "12"; }, never, never, null, "profiles", never, "POST">', gave the following error.
    Argument of type '{ id: string; name: string; }' is not assignable to parameter of type 'never'.
  Overload 2 of 2, '(values: never[], options?: { count?: "exact" | "planned" | "estimated" | undefined; defaultToNull?: boolean | undefined; } | undefined): PostgrestFilterBuilder<{ PostgrestVersion: "12"; }, never, never, null, "profiles", never, "POST">', gave the following error.
    Object literal may only specify known properties, and 'id' does not exist in type 'never[]'.
src/app/actions/household.ts(36,10): error TS2769: No overload matches this call.
  Overload 1 of 2, '(values: never, options?: { count?: "exact" | "planned" | "estimated" | undefined; } | undefined): PostgrestFilterBuilder<{ PostgrestVersion: "12"; }, never, never, null, "households", never, "POST">', gave the following error.
    Argument of type '{ name: string; created_by: string; }' is not assignable to parameter of type 'never'.
  Overload 2 of 2, '(values: never[], options?: { count?: "exact" | "planned" | "estimated" | undefined; defaultToNull?: boolean | undefined; } | undefined): PostgrestFilterBuilder<{ PostgrestVersion: "12"; }, never, never, null, "households", never, "POST">', gave the following error.
    Object literal may only specify known properties, and 'name' does not exist in type 'never[]'.
src/app/actions/household.ts(47,10): error TS2769: No overload matches this call.
  Overload 1 of 2, '(values: never, options?: { count?: "exact" | "planned" | "estimated" | undefined; } | undefined): PostgrestFilterBuilder<{ PostgrestVersion: "12"; }, never, never, null, "household_members", never, "POST">', gave the following error.
    Argument of type '{ household_id: any; user_id: string; role: string; }' is not assignable to parameter of type 'never'.
  Overload 2 of 2, '(values: never[], options?: { count?: "exact" | "planned" | "estimated" | undefined; defaultToNull?: boolean | undefined; } | undefined): PostgrestFilterBuilder<{ PostgrestVersion: "12"; }, never, never, null, "household_members", never, "POST">', gave the following error.
    Object literal may only specify known properties, and 'household_id' does not exist in type 'never[]'.
src/app/actions/household.ts(48,37): error TS2339: Property 'id' does not exist on type 'never'.
src/app/actions/household.ts(91,10): error TS2769: No overload matches this call.
  Overload 1 of 2, '(values: never, options?: { count?: "exact" | "planned" | "estimated" | undefined; } | undefined): PostgrestFilterBuilder<{ PostgrestVersion: "12"; }, never, never, null, "profiles", never, "POST">', gave the following error.
    Argument of type '{ id: string; name: string; }' is not assignable to parameter of type 'never'.
  Overload 2 of 2, '(values: never[], options?: { count?: "exact" | "planned" | "estimated" | undefined; defaultToNull?: boolean | undefined; } | undefined): PostgrestFilterBuilder<{ PostgrestVersion: "12"; }, never, never, null, "profiles", never, "POST">', gave the following error.
    Object literal may only specify known properties, and 'id' does not exist in type 'never[]'.
src/app/actions/household.ts(100,10): error TS2769: No overload matches this call.
  Overload 1 of 2, '(values: never, options?: { count?: "exact" | "planned" | "estimated" | undefined; } | undefined): PostgrestFilterBuilder<{ PostgrestVersion: "12"; }, never, never, null, "household_members", never, "POST">', gave the following error.
    Argument of type '{ household_id: any; user_id: string; role: string; }' is not assignable to parameter of type 'never'.
  Overload 2 of 2, '(values: never[], options?: { count?: "exact" | "planned" | "estimated" | undefined; defaultToNull?: boolean | undefined; } | undefined): PostgrestFilterBuilder<{ PostgrestVersion: "12"; }, never, never, null, "household_members", never, "POST">', gave the following error.
    Object literal may only specify known properties, and 'household_id' does not exist in type 'never[]'.
src/app/actions/household.ts(101,37): error TS2339: Property 'id' does not exist on type 'never'.
src/app/actions/household.ts(114,42): error TS2769: No overload matches this call.
  Overload 1 of 2, '(values: never, options?: { count?: "exact" | "planned" | "estimated" | undefined; } | undefined): PostgrestFilterBuilder<{ PostgrestVersion: "12"; }, never, never, null, "activity_logs", never, "POST">', gave the following error.
    Argument of type '{ household_id: any; user_id: string; action: string; metadata: { user_name: string; }; }' is not assignable to parameter of type 'never'.
  Overload 2 of 2, '(values: never[], options?: { count?: "exact" | "planned" | "estimated" | undefined; defaultToNull?: boolean | undefined; } | undefined): PostgrestFilterBuilder<{ PostgrestVersion: "12"; }, never, never, null, "activity_logs", never, "POST">', gave the following error.
    Object literal may only specify known properties, and 'household_id' does not exist in type 'never[]'.
src/app/actions/household.ts(115,33): error TS2339: Property 'id' does not exist on type 'never'.
src/app/actions/household.ts(140,20): error TS2339: Property 'role' does not exist on type 'never'.
src/app/actions/household.ts(145,44): error TS2339: Property 'household_id' does not exist on type 'never'.
src/app/actions/household.ts(155,34): error TS2339: Property 'household_id' does not exist on type 'never'.
src/app/actions/household.ts(161,34): error TS2339: Property 'id' does not exist on type 'never'.
src/app/actions/household.ts(189,29): error TS2339: Property 'id' does not exist on type 'never'.
src/app/actions/household.ts(209,17): error TS2345: Argument of type '{ invite_code: string; }' is not assignable to parameter of type 'never'.
src/app/join/[token]/page.tsx(50,47): error TS2339: Property 'name' does not exist on type 'never'.
